Collecting cmake
  Using cached cmake-4.4.3-py3-none-win_amd64.whl.metadata (7.0 kB)
Collecting ninja
  Using cached ninja-1.13.2-py3-none-win_amd64.whl.metadata (5.4 kB)
Collecting pytest
  Using cached pytest-9.1.1-py3-none-any.whl.metadata (7.6 kB)
Collecting colorama>=0.4 (from pytest)
  Using cached colorama-0.4.6-py2.py3-none-any.whl.metadata (17 kB)
Collecting iniconfig>=1.0.1 (from pytest)
  Using cached iniconfig-2.3.0-py3-none-any.whl.metadata (2.5 kB)
Collecting packaging>=22 (from pytest)
  Using cached packaging-26.3-py3-none-any.whl.metadata (3.5 kB)
Collecting pluggy<2,>=1.5 (from pytest)
  Using cached pluggy-1.6.0-py3-none-any.whl.metadata (4.8 kB)
Collecting pygments>=2.7.2 (from pytest)
  Using cached pygments-2.21.0-py3-none-any.whl.metadata (2.5 kB)
Using cached cmake-4.4.3-py3-none-win_amd64.whl (42.3 MB)
Using cached ninja-1.13.2-py3-none-win_amd64.whl (311 kB)
Using cached pytest-9.1.1-py3-none-any.whl (386 kB)
Using cached colorama-0.4.6-py2.py3-none-any.whl (25 kB)
Using cached iniconfig-2.3.0-py3-none-any.whl (7.5 kB)
Using cached packaging-26.3-py3-none-any.whl (129 kB)
Using cached pluggy-1.6.0-py3-none-any.whl (20 kB)
Using cached pygments-2.21.0-py3-none-any.whl (1.3 MB)
Installing collected packages: pygments, pluggy, packaging, ninja, iniconfig, colorama, cmake, pytest
Successfully installed cmake-4.4.3 colorama-0.4.6 iniconfig-2.3.0 ninja-1.13.2 packaging-26.3 pluggy-1.6.0 pygments-2.21.0 pytest-9.1.1
